Target layers: 154 rotated linear layers across all transformer blocks
Capturing calibration inputs ...
  Captured 154 layers
Building analog tiles ...
  Built 154 analog tiles
step    0  loss=95.376400  r1_grad=2.081e+00  r1_riem=1.471e+00  r2_grad=3.245e-02
step    1  loss=85.686141  r1_grad=1.669e+00  r1_riem=1.176e+00  r2_grad=3.614e-02
step    2  loss=90.398477  r1_grad=1.929e+00  r1_riem=1.359e+00  r2_grad=3.611e-02
step    3  loss=75.707740  r1_grad=1.710e+00  r1_riem=1.205e+00  r2_grad=3.539e-02
step    4  loss=130.950403  r1_grad=2.071e+00  r1_riem=1.459e+00  r2_grad=4.300e-02
step    5  loss=71.655095  r1_grad=1.642e+00  r1_riem=1.154e+00  r2_grad=3.349e-02
step    6  loss=81.401729  r1_grad=1.839e+00  r1_riem=1.295e+00  r2_grad=3.934e-02
step    7  loss=85.533440  r1_grad=1.908e+00  r1_riem=1.344e+00  r2_grad=3.619e-02
step    8  loss=76.995870  r1_grad=2.035e+00  r1_riem=1.434e+00  r2_grad=4.042e-02
step    9  loss=84.370936  r1_grad=1.737e+00  r1_riem=1.223e+00  r2_grad=3.935e-02
step   10  loss=81.342872  r1_grad=1.784e+00  r1_riem=1.256e+00  r2_grad=3.674e-02
step   11  loss=95.398528  r1_grad=1.978e+00  r1_riem=1.395e+00  r2_grad=4.017e-02
step   12  loss=76.149272  r1_grad=1.587e+00  r1_riem=1.118e+00  r2_grad=3.356e-02
step   13  loss=107.373865  r1_grad=1.873e+00  r1_riem=1.319e+00  r2_grad=3.906e-02
step   14  loss=55.261505  r1_grad=1.589e+00  r1_riem=1.123e+00  r2_grad=3.029e-02
step   15  loss=73.148880  r1_grad=1.580e+00  r1_riem=1.110e+00  r2_grad=3.329e-02
step   16  loss=52.200162  r1_grad=1.571e+00  r1_riem=1.101e+00  r2_grad=3.141e-02
step   17  loss=85.821081  r1_grad=2.055e+00  r1_riem=1.449e+00  r2_grad=3.731e-02
step   18  loss=87.552403  r1_grad=1.812e+00  r1_riem=1.278e+00  r2_grad=3.522e-02
step   19  loss=62.432150  r1_grad=1.551e+00  r1_riem=1.094e+00  r2_grad=3.071e-02
step   20  loss=64.347787  r1_grad=1.778e+00  r1_riem=1.253e+00  r2_grad=3.741e-02
step   21  loss=68.992640  r1_grad=2.266e+00  r1_riem=1.600e+00  r2_grad=3.513e-02
step   22  loss=99.106526  r1_grad=1.803e+00  r1_riem=1.272e+00  r2_grad=3.932e-02
step   23  loss=82.077073  r1_grad=1.678e+00  r1_riem=1.181e+00  r2_grad=3.458e-02
step   24  loss=75.554536  r1_grad=1.678e+00  r1_riem=1.177e+00  r2_grad=3.774e-02
step   25  loss=90.443188  r1_grad=1.900e+00  r1_riem=1.339e+00  r2_grad=3.575e-02
step   26  loss=71.890131  r1_grad=1.594e+00  r1_riem=1.122e+00  r2_grad=3.478e-02
step   27  loss=81.047493  r1_grad=1.776e+00  r1_riem=1.246e+00  r2_grad=3.661e-02
step   28  loss=49.159682  r1_grad=1.543e+00  r1_riem=1.082e+00  r2_grad=2.920e-02
step   29  loss=128.226519  r1_grad=2.031e+00  r1_riem=1.430e+00  r2_grad=3.587e-02
step   30  loss=104.461851  r1_grad=2.042e+00  r1_riem=1.440e+00  r2_grad=4.101e-02
step   31  loss=78.959844  r1_grad=1.690e+00  r1_riem=1.191e+00  r2_grad=3.692e-02
step   32  loss=91.837216  r1_grad=1.830e+00  r1_riem=1.289e+00  r2_grad=4.039e-02
step   33  loss=97.074721  r1_grad=2.059e+00  r1_riem=1.455e+00  r2_grad=3.845e-02
step   34  loss=99.628256  r1_grad=1.982e+00  r1_riem=1.396e+00  r2_grad=3.942e-02
step   35  loss=40.350489  r1_grad=1.407e+00  r1_riem=9.857e-01  r2_grad=2.779e-02
step   36  loss=53.662781  r1_grad=1.592e+00  r1_riem=1.118e+00  r2_grad=3.290e-02
step   37  loss=81.206491  r1_grad=1.755e+00  r1_riem=1.237e+00  r2_grad=3.468e-02
step   38  loss=53.514670  r1_grad=1.783e+00  r1_riem=1.257e+00  r2_grad=3.004e-02
step   39  loss=99.926288  r1_grad=1.892e+00  r1_riem=1.335e+00  r2_grad=4.176e-02
step   40  loss=74.525274  r1_grad=1.699e+00  r1_riem=1.196e+00  r2_grad=3.574e-02
step   41  loss=67.503784  r1_grad=1.573e+00  r1_riem=1.110e+00  r2_grad=3.356e-02
step   42  loss=84.473862  r1_grad=1.883e+00  r1_riem=1.324e+00  r2_grad=3.726e-02
step   43  loss=69.147872  r1_grad=1.612e+00  r1_riem=1.133e+00  r2_grad=3.396e-02
step   44  loss=51.871928  r1_grad=1.739e+00  r1_riem=1.220e+00  r2_grad=3.179e-02
step   45  loss=64.492861  r1_grad=1.664e+00  r1_riem=1.171e+00  r2_grad=3.601e-02
step   46  loss=67.820416  r1_grad=1.597e+00  r1_riem=1.126e+00  r2_grad=3.369e-02
step   47  loss=107.022480  r1_grad=1.932e+00  r1_riem=1.361e+00  r2_grad=4.222e-02
step   48  loss=82.759996  r1_grad=1.753e+00  r1_riem=1.235e+00  r2_grad=3.775e-02
step   49  loss=82.862933  r1_grad=1.804e+00  r1_riem=1.269e+00  r2_grad=3.532e-02
step   50  loss=76.751471  r1_grad=2.266e+00  r1_riem=1.594e+00  r2_grad=3.668e-02
step   51  loss=42.298314  r1_grad=1.301e+00  r1_riem=9.091e-01  r2_grad=3.055e-02
step   52  loss=66.960257  r1_grad=1.569e+00  r1_riem=1.104e+00  r2_grad=3.507e-02
step   53  loss=46.712933  r1_grad=1.506e+00  r1_riem=1.054e+00  r2_grad=3.156e-02
step   54  loss=58.776224  r1_grad=1.958e+00  r1_riem=1.375e+00  r2_grad=3.486e-02
step   55  loss=68.552616  r1_grad=1.721e+00  r1_riem=1.215e+00  r2_grad=3.528e-02
step   56  loss=104.392202  r1_grad=2.006e+00  r1_riem=1.409e+00  r2_grad=3.759e-02
step   57  loss=94.806237  r1_grad=1.918e+00  r1_riem=1.347e+00  r2_grad=4.035e-02
step   58  loss=61.249387  r1_grad=1.630e+00  r1_riem=1.149e+00  r2_grad=3.304e-02
step   59  loss=74.338927  r1_grad=1.792e+00  r1_riem=1.267e+00  r2_grad=3.479e-02
step   60  loss=73.134901  r1_grad=1.609e+00  r1_riem=1.135e+00  r2_grad=3.419e-02
step   61  loss=102.345705  r1_grad=1.950e+00  r1_riem=1.373e+00  r2_grad=3.840e-02
step   62  loss=79.673374  r1_grad=2.708e+00  r1_riem=1.914e+00  r2_grad=3.776e-02
step   63  loss=89.460312  r1_grad=2.031e+00  r1_riem=1.433e+00  r2_grad=4.181e-02
step   64  loss=77.244071  r1_grad=1.756e+00  r1_riem=1.242e+00  r2_grad=3.824e-02
step   65  loss=59.400626  r1_grad=1.885e+00  r1_riem=1.332e+00  r2_grad=3.344e-02
step   66  loss=71.935709  r1_grad=1.664e+00  r1_riem=1.174e+00  r2_grad=3.554e-02
step   67  loss=65.256643  r1_grad=1.837e+00  r1_riem=1.298e+00  r2_grad=3.470e-02
step   68  loss=71.982495  r1_grad=1.818e+00  r1_riem=1.284e+00  r2_grad=3.439e-02
step   69  loss=94.914675  r1_grad=1.880e+00  r1_riem=1.322e+00  r2_grad=3.807e-02
step   70  loss=67.772643  r1_grad=1.854e+00  r1_riem=1.307e+00  r2_grad=3.630e-02
step   71  loss=76.146639  r1_grad=1.690e+00  r1_riem=1.190e+00  r2_grad=3.549e-02
step   72  loss=99.285292  r1_grad=2.169e+00  r1_riem=1.529e+00  r2_grad=4.043e-02
step   73  loss=77.556140  r1_grad=1.883e+00  r1_riem=1.328e+00  r2_grad=3.749e-02
step   74  loss=107.483833  r1_grad=1.900e+00  r1_riem=1.338e+00  r2_grad=3.820e-02
step   75  loss=95.134239  r1_grad=1.903e+00  r1_riem=1.344e+00  r2_grad=4.164e-02
step   76  loss=58.476353  r1_grad=1.787e+00  r1_riem=1.256e+00  r2_grad=3.427e-02
step   77  loss=93.741706  r1_grad=1.860e+00  r1_riem=1.314e+00  r2_grad=3.640e-02
step   78  loss=102.521853  r1_grad=1.966e+00  r1_riem=1.387e+00  r2_grad=4.051e-02
step   79  loss=61.056984  r1_grad=1.619e+00  r1_riem=1.139e+00  r2_grad=3.306e-02
step   80  loss=58.633280  r1_grad=1.614e+00  r1_riem=1.137e+00  r2_grad=3.412e-02
step   81  loss=45.592076  r1_grad=1.426e+00  r1_riem=9.987e-01  r2_grad=2.945e-02
step   82  loss=78.010259  r1_grad=1.825e+00  r1_riem=1.281e+00  r2_grad=3.407e-02
step   83  loss=75.013418  r1_grad=2.079e+00  r1_riem=1.456e+00  r2_grad=3.697e-02
step   84  loss=84.814970  r1_grad=1.918e+00  r1_riem=1.357e+00  r2_grad=3.656e-02
step   85  loss=74.211717  r1_grad=2.269e+00  r1_riem=1.608e+00  r2_grad=3.511e-02
step   86  loss=49.429255  r1_grad=1.627e+00  r1_riem=1.148e+00  r2_grad=3.248e-02
step   87  loss=71.534924  r1_grad=1.947e+00  r1_riem=1.370e+00  r2_grad=3.430e-02
step   88  loss=76.020847  r1_grad=1.769e+00  r1_riem=1.245e+00  r2_grad=3.135e-02
step   89  loss=111.713272  r1_grad=1.911e+00  r1_riem=1.348e+00  r2_grad=4.081e-02
step   90  loss=85.561657  r1_grad=2.120e+00  r1_riem=1.492e+00  r2_grad=3.911e-02
step   91  loss=76.450607  r1_grad=1.838e+00  r1_riem=1.297e+00  r2_grad=3.805e-02
step   92  loss=89.109336  r1_grad=1.738e+00  r1_riem=1.225e+00  r2_grad=3.640e-02
step   93  loss=72.888755  r1_grad=1.811e+00  r1_riem=1.277e+00  r2_grad=3.800e-02
step   94  loss=65.683029  r1_grad=1.632e+00  r1_riem=1.153e+00  r2_grad=3.423e-02
step   95  loss=94.233726  r1_grad=1.761e+00  r1_riem=1.246e+00  r2_grad=3.423e-02
step   96  loss=65.570543  r1_grad=1.803e+00  r1_riem=1.270e+00  r2_grad=3.634e-02
step   97  loss=54.267064  r1_grad=1.657e+00  r1_riem=1.170e+00  r2_grad=3.360e-02
step   98  loss=105.539171  r1_grad=1.936e+00  r1_riem=1.367e+00  r2_grad=3.910e-02
step   99  loss=72.081584  r1_grad=1.807e+00  r1_riem=1.273e+00  r2_grad=3.450e-02
Saved checkpoint to checkpoints/aihwkit_r1_r2.pt
final loss=72.081584
wandb: [wandb.login()] Using explicit session credentials for https://api.wandb.ai.
wandb: Appending key for api.wandb.ai to your netrc file: /root/.netrc
wandb: Currently logged in as: wisaactrost (ao2844-columbia-university) to https://api.wandb.ai. Use `wandb login --relogin` to force relogin
wandb: Tracking run with wandb version 0.26.1
wandb: Run data is saved locally in /workspace/wandb/run-20260502_211835-obluuf07
wandb: Run `wandb offline` to turn off syncing.
wandb: Syncing run aihwkit_r1_r2_identity_lr1.5_tokens1
wandb: ⭐️ View project at https://wandb.ai/ao2844-columbia-university/aimc-rotations
wandb: 🚀 View run at https://wandb.ai/ao2844-columbia-university/aimc-rotations/runs/obluuf07
[transformers] `torch_dtype` is deprecated! Use `dtype` instead!

Loading weights:   0%|          | 0/201 [00:00<?, ?it/s]
Loading weights:  25%|██▍       | 50/201 [00:00<00:00, 478.77it/s]
Loading weights:  50%|█████     | 101/201 [00:00<00:00, 486.66it/s]
Loading weights:  77%|███████▋  | 154/201 [00:00<00:00, 498.71it/s]
Loading weights: 100%|██████████| 201/201 [00:00<00:00, 501.41it/s]
wandb: WARNING Symlinked 1 file into the W&B run directory; call wandb.save again to sync new files.
wandb: updating run metadata
wandb: uploading checkpoints/aihwkit_r1_r2.pt; uploading wandb-summary.json
wandb: uploading checkpoints/aihwkit_r1_r2.pt
wandb: 
wandb: Run history:
wandb:              loss ▄▅▄█▄▄▄▃▃▄▅▃▄▂▆▆▂▄▆▃▄▄▁▂▆▃▅▂▃▅▄▄▆▅▂▄▄▄▄▃
wandb:      r1_grad_norm ▆▃▅▄▅▄▂▄▃▃▄▆▁▄▃▄▃▃▅█▂▅▃▅▄▅▃▅▅▄▆▆▅█▃▄▄▃▃▄
wandb:      r1_riem_grad ▂▄▅▃▃▂▄▃▃▂▂▂▄▃▄▃▃▂▂▃▂▃▄▂█▃▃▃▂▄▁▃▆▄▃▅▃▃▃▃
wandb: r2_grad_norm_mean ▃▅▅▅▇▇▆▅▂▅▆▁▄▅▂█▆▄▅▂▆█▃▄▄▅▆█▄▃▄▅▅▄▇▆▄▅▃▄
wandb:              step ▁▁▁▁▁▂▂▂▂▂▃▃▃▃▃▃▃▄▄▄▄▄▅▅▅▅▅▆▆▆▆▇▇▇▇▇████
wandb: 
wandb: Run summary:
wandb:              loss 72.08158
wandb:      r1_grad_norm 1.80688
wandb:      r1_riem_grad 1.27269
wandb: r2_grad_norm_mean 0.0345
wandb:              step 99
wandb: 
wandb: 🚀 View run aihwkit_r1_r2_identity_lr1.5_tokens1 at: https://wandb.ai/ao2844-columbia-university/aimc-rotations/runs/obluuf07
wandb: ⭐️ View project at: https://wandb.ai/ao2844-columbia-university/aimc-rotations
wandb: Synced 5 W&B file(s), 0 media file(s), 0 artifact file(s) and 1 other file(s)
wandb: Find logs at: ./wandb/run-20260502_211835-obluuf07/logs
