===== quant_10bit_out_bound_1 full_cpu_512 =====
[transformers] `torch_dtype` is deprecated! Use `dtype` instead!

Loading weights:   0%|          | 0/201 [00:00<?, ?it/s]
Loading weights:  19%|█▉        | 38/201 [00:00<00:00, 377.37it/s]
Loading weights:  42%|████▏     | 85/201 [00:00<00:00, 423.62it/s]
Loading weights:  65%|██████▌   | 131/201 [00:00<00:00, 439.06it/s]
Loading weights:  92%|█████████▏| 184/201 [00:00<00:00, 474.33it/s]
Loading weights: 100%|██████████| 201/201 [00:00<00:00, 464.72it/s]

Loading weights:   0%|          | 0/201 [00:00<?, ?it/s]
Loading weights:  16%|█▋        | 33/201 [00:00<00:00, 305.93it/s]
Loading weights:  39%|███▉      | 79/201 [00:00<00:00, 393.68it/s]
Loading weights:  61%|██████    | 123/201 [00:00<00:00, 404.56it/s]
Loading weights:  84%|████████▎ | 168/201 [00:00<00:00, 414.25it/s]
Loading weights: 100%|██████████| 201/201 [00:00<00:00, 432.13it/s]

Loading weights:   0%|          | 0/201 [00:00<?, ?it/s]
Loading weights:   2%|▏         | 5/201 [00:00<00:03, 49.98it/s]
Loading weights:  38%|███▊      | 76/201 [00:00<00:00, 434.10it/s]
Loading weights:  69%|██████▉   | 139/201 [00:00<00:00, 505.58it/s]
Loading weights:  96%|█████████▌| 193/201 [00:00<00:00, 517.21it/s]
Loading weights: 100%|██████████| 201/201 [00:00<00:00, 488.29it/s]
wandb: [wandb.login()] Using explicit session credentials for https://api.wandb.ai.
wandb: Appending key for api.wandb.ai to your netrc file: /root/.netrc
wandb: Currently logged in as: wisaactrost (ao2844-columbia-university) to https://api.wandb.ai. Use `wandb login --relogin` to force relogin
wandb: Tracking run with wandb version 0.26.1
wandb: Run data is saved locally in /workspace/wandb/run-20260502_194803-37uymodf
wandb: Run `wandb offline` to turn off syncing.
wandb: Syncing run full_cpu_quant_10bit_out_bound_1_hadamardD_512
wandb: ⭐️ View project at https://wandb.ai/ao2844-columbia-university/analog_rotation_dual_loss
wandb: 🚀 View run at https://wandb.ai/ao2844-columbia-university/analog_rotation_dual_loss/runs/37uymodf
wandb: updating run metadata; uploading summary
wandb: uploading wandb-metadata.json; uploading requirements.txt; uploading wandb-summary.json; uploading config.yaml
wandb: 
wandb: Run history:
wandb:    analog_identity/nll ▁
wandb:    analog_identity/ppl ▁
wandb: analog_identity/tokens ▁
wandb:     analog_rotated/nll ▁
wandb:     analog_rotated/ppl ▁
wandb:  analog_rotated/tokens ▁
wandb:     float_prepared/nll ▁
wandb:     float_prepared/ppl ▁
wandb:  float_prepared/tokens ▁
wandb: 
wandb: Run summary:
wandb:    analog_identity/nll 2.26217
wandb:    analog_identity/ppl 9.6039
wandb: analog_identity/tokens 508
wandb:    analog_identity_nll 2.26217
wandb:    analog_identity_ppl 9.6039
wandb: analog_identity_tokens 508
wandb:     analog_rotated/nll 2.23174
wandb:     analog_rotated/ppl 9.31604
wandb:  analog_rotated/tokens 508
wandb:     analog_rotated_nll 2.23174
wandb:                     +8 ...
wandb: 
wandb: 🚀 View run full_cpu_quant_10bit_out_bound_1_hadamardD_512 at: https://wandb.ai/ao2844-columbia-university/analog_rotation_dual_loss/runs/37uymodf
wandb: ⭐️ View project at: https://wandb.ai/ao2844-columbia-university/analog_rotation_dual_loss
wandb: Synced 4 W&B file(s), 0 media file(s), 0 artifact file(s) and 0 other file(s)
wandb: Find logs at: ./wandb/run-20260502_194803-37uymodf/logs
Evaluated TinyLlama/TinyLlama-1.1B-Chat-v1.0 on wikitext-2:validation (512 loaded tokens)
hardware=quant_10bit_out_bound_1 rotation=hadamard_D online_hadamards=True targets=q_proj,k_proj,v_proj,o_proj,up_proj,gate_proj,down_proj

run                         nll          ppl       tokens
----------------------------------------------------------
float_prepared         2.202246       9.0453          508
analog_identity        2.262169       9.6039          508
analog_rotated         2.231738       9.3160          508
