===== quant_10bit full_cpu_512 cleaned =====
[transformers] `torch_dtype` is deprecated! Use `dtype` instead!

Loading weights:   0%|          | 0/201 [00:00<?, ?it/s]
Loading weights:  20%|█▉        | 40/201 [00:00<00:00, 395.11it/s]
Loading weights:  45%|████▌     | 91/201 [00:00<00:00, 452.69it/s]
Loading weights:  68%|██████▊   | 137/201 [00:00<00:00, 446.08it/s]
Loading weights:  92%|█████████▏| 184/201 [00:00<00:00, 451.88it/s]
Loading weights: 100%|██████████| 201/201 [00:00<00:00, 465.16it/s]

Loading weights:   0%|          | 0/201 [00:00<?, ?it/s]
Loading weights:  25%|██▌       | 51/201 [00:00<00:00, 484.68it/s]
Loading weights:  51%|█████     | 103/201 [00:00<00:00, 498.54it/s]
Loading weights:  79%|███████▉  | 159/201 [00:00<00:00, 521.19it/s]
Loading weights: 100%|██████████| 201/201 [00:00<00:00, 531.65it/s]

Loading weights:   0%|          | 0/201 [00:00<?, ?it/s]
Loading weights:  20%|█▉        | 40/201 [00:00<00:00, 378.97it/s]
Loading weights:  47%|████▋     | 95/201 [00:00<00:00, 460.55it/s]
Loading weights:  74%|███████▍  | 149/201 [00:00<00:00, 478.29it/s]
Loading weights:  99%|█████████▉| 199/201 [00:00<00:00, 470.86it/s]
Loading weights: 100%|██████████| 201/201 [00:00<00:00, 468.42it/s]
wandb: [wandb.login()] Using explicit session credentials for https://api.wandb.ai.
wandb: Appending key for api.wandb.ai to your netrc file: /root/.netrc
wandb: Currently logged in as: wisaactrost (ao2844-columbia-university) to https://api.wandb.ai. Use `wandb login --relogin` to force relogin
wandb: Tracking run with wandb version 0.26.1
wandb: Run data is saved locally in /workspace/wandb/run-20260502_191321-1jpkngjy
wandb: Run `wandb offline` to turn off syncing.
wandb: Syncing run full_cpu_quant_10bit_hadamardD_512_cleaned
wandb: ⭐️ View project at https://wandb.ai/ao2844-columbia-university/analog_rotation_dual_loss
wandb: 🚀 View run at https://wandb.ai/ao2844-columbia-university/analog_rotation_dual_loss/runs/1jpkngjy
wandb: updating run metadata; uploading summary
wandb: uploading history steps 0-2, summary
wandb: 
wandb: Run history:
wandb:    analog_identity/nll ▁
wandb:    analog_identity/ppl ▁
wandb: analog_identity/tokens ▁
wandb:     analog_rotated/nll ▁
wandb:     analog_rotated/ppl ▁
wandb:  analog_rotated/tokens ▁
wandb:     float_prepared/nll ▁
wandb:     float_prepared/ppl ▁
wandb:  float_prepared/tokens ▁
wandb: 
wandb: Run summary:
wandb:    analog_identity/nll 10.57115
wandb:    analog_identity/ppl 38993.40001
wandb: analog_identity/tokens 508
wandb:    analog_identity_nll 10.57115
wandb:    analog_identity_ppl 38993.40001
wandb: analog_identity_tokens 508
wandb:     analog_rotated/nll 10.68163
wandb:     analog_rotated/ppl 43548.63815
wandb:  analog_rotated/tokens 508
wandb:     analog_rotated_nll 10.68163
wandb:                     +8 ...
wandb: 
wandb: 🚀 View run full_cpu_quant_10bit_hadamardD_512_cleaned at: https://wandb.ai/ao2844-columbia-university/analog_rotation_dual_loss/runs/1jpkngjy
wandb: ⭐️ View project at: https://wandb.ai/ao2844-columbia-university/analog_rotation_dual_loss
wandb: Synced 4 W&B file(s), 0 media file(s), 0 artifact file(s) and 0 other file(s)
wandb: Find logs at: ./wandb/run-20260502_191321-1jpkngjy/logs
Evaluated TinyLlama/TinyLlama-1.1B-Chat-v1.0 on wikitext-2:validation (512 loaded tokens)
hardware=quant_10bit rotation=hadamard_D online_hadamards=True targets=q_proj,k_proj,v_proj,o_proj,up_proj,gate_proj,down_proj

run                         nll          ppl       tokens
----------------------------------------------------------
float_prepared         2.202246       9.0453          508
analog_identity       10.571148   38993.4000          508
analog_rotated        10.681634   43548.6382          508
===== weight_noise_mild full_cpu_512 cleaned =====
[transformers] `torch_dtype` is deprecated! Use `dtype` instead!

Loading weights:   0%|          | 0/201 [00:00<?, ?it/s]
Loading weights:  16%|█▋        | 33/201 [00:00<00:00, 319.39it/s]
Loading weights:  41%|████▏     | 83/201 [00:00<00:00, 405.00it/s]
Loading weights:  68%|██████▊   | 136/201 [00:00<00:00, 456.47it/s]
Loading weights:  92%|█████████▏| 184/201 [00:00<00:00, 453.83it/s]
Loading weights: 100%|██████████| 201/201 [00:00<00:00, 457.54it/s]

Loading weights:   0%|          | 0/201 [00:00<?, ?it/s]
Loading weights:  20%|██        | 41/201 [00:00<00:00, 377.17it/s]
Loading weights:  47%|████▋     | 95/201 [00:00<00:00, 455.54it/s]
Loading weights:  70%|███████   | 141/201 [00:00<00:00, 453.67it/s]
Loading weights:  93%|█████████▎| 187/201 [00:00<00:00, 442.96it/s]
Loading weights: 100%|██████████| 201/201 [00:00<00:00, 460.93it/s]

Loading weights:   0%|          | 0/201 [00:00<?, ?it/s]
Loading weights:  15%|█▌        | 31/201 [00:00<00:00, 292.85it/s]
Loading weights:  43%|████▎     | 87/201 [00:00<00:00, 424.24it/s]
Loading weights:  74%|███████▎  | 148/201 [00:00<00:00, 494.27it/s]
Loading weights: 100%|██████████| 201/201 [00:00<00:00, 490.12it/s]
wandb: [wandb.login()] Using explicit session credentials for https://api.wandb.ai.
wandb: Appending key for api.wandb.ai to your netrc file: /root/.netrc
wandb: Currently logged in as: wisaactrost (ao2844-columbia-university) to https://api.wandb.ai. Use `wandb login --relogin` to force relogin
wandb: Tracking run with wandb version 0.26.1
wandb: Run data is saved locally in /workspace/wandb/run-20260502_191733-gflw8ee5
wandb: Run `wandb offline` to turn off syncing.
wandb: Syncing run full_cpu_weight_noise_mild_hadamardD_512_cleaned
wandb: ⭐️ View project at https://wandb.ai/ao2844-columbia-university/analog_rotation_dual_loss
wandb: 🚀 View run at https://wandb.ai/ao2844-columbia-university/analog_rotation_dual_loss/runs/gflw8ee5
wandb: updating run metadata; uploading summary
wandb: uploading wandb-metadata.json; uploading requirements.txt; uploading wandb-summary.json; uploading config.yaml
wandb: 
wandb: Run history:
wandb:    analog_identity/nll ▁
wandb:    analog_identity/ppl ▁
wandb: analog_identity/tokens ▁
wandb:     analog_rotated/nll ▁
wandb:     analog_rotated/ppl ▁
wandb:  analog_rotated/tokens ▁
wandb:     float_prepared/nll ▁
wandb:     float_prepared/ppl ▁
wandb:  float_prepared/tokens ▁
wandb: 
wandb: Run summary:
wandb:    analog_identity/nll 10.10088
wandb:    analog_identity/ppl 24364.35132
wandb: analog_identity/tokens 508
wandb:    analog_identity_nll 10.10088
wandb:    analog_identity_ppl 24364.35132
wandb: analog_identity_tokens 508
wandb:     analog_rotated/nll 10.22544
wandb:     analog_rotated/ppl 27596.26548
wandb:  analog_rotated/tokens 508
wandb:     analog_rotated_nll 10.22544
wandb:                     +8 ...
wandb: 
wandb: 🚀 View run full_cpu_weight_noise_mild_hadamardD_512_cleaned at: https://wandb.ai/ao2844-columbia-university/analog_rotation_dual_loss/runs/gflw8ee5
wandb: ⭐️ View project at: https://wandb.ai/ao2844-columbia-university/analog_rotation_dual_loss
wandb: Synced 4 W&B file(s), 0 media file(s), 0 artifact file(s) and 0 other file(s)
wandb: Find logs at: ./wandb/run-20260502_191733-gflw8ee5/logs
Evaluated TinyLlama/TinyLlama-1.1B-Chat-v1.0 on wikitext-2:validation (512 loaded tokens)
hardware=weight_noise_mild rotation=hadamard_D online_hadamards=True targets=q_proj,k_proj,v_proj,o_proj,up_proj,gate_proj,down_proj

run                         nll          ppl       tokens
----------------------------------------------------------
float_prepared         2.202246       9.0453          508
analog_identity       10.100876   24364.3513          508
analog_rotated        10.225436   27596.2655          508
